// Jest Snapshot v1, https://goo.gl/fbAQLP

exports[`Static website Stack Should_CreateWebsite_When_StackIsCalled: staticWebsiteStackTest 1`] = `
{
  "Mappings": {
    "AWSCloudFrontPartitionHostedZoneIdMap": {
      "aws": {
        "zoneId": "Z2FDTNDATAQYW2",
      },
      "aws-cn": {
        "zoneId": "Z3RFFRIM2A3IF5",
      },
    },
  },
  "Outputs": {
    "CloudFrontDistributionDomainName": {
      "Description": "CloudFront distribution domain",
      "Export": {
        "Name": "test-website-Development-CdnDomainName",
      },
      "Value": {
        "Fn::GetAtt": [
          "distribution114A0A2A",
          "DomainName",
        ],
      },
    },
    "DnsRecordName": {
      "Description": "The DNS record name (primary)",
      "Export": {
        "Name": "test-website-Development-AliasRecord",
      },
      "Value": {
        "Ref": "webDomainRecord0E1EA4C11",
      },
    },
  },
  "Parameters": {
    "BootstrapVersion": {
      "Default": "/cdk-bootstrap/hnb659fds/version",
      "Description": "Version of the CDK Bootstrap resources in this environment, automatically retrieved from SSM Parameter Store. [cdk:skip]",
      "Type": "AWS::SSM::Parameter::Value<String>",
    },
  },
  "Resources": {
    "CustomCDKBucketDeployment8693BB64968944B69AAFB0CC9EB8756C81C01536": {
      "DependsOn": [
        "CustomCDKBucketDeployment8693BB64968944B69AAFB0CC9EB8756CServiceRoleDefaultPolicy88902FDF",
        "CustomCDKBucketDeployment8693BB64968944B69AAFB0CC9EB8756CServiceRole89A01265",
      ],
      "Properties": {
        "Code": {
          "S3Bucket": "cdk-hnb659fds-assets-account-eu-west-1",
        },
        "Environment": {
          "Variables": {
            "AWS_CA_BUNDLE": "/etc/pki/ca-trust/extracted/pem/tls-ca-bundle.pem",
          },
        },
        "Handler": "index.handler",
        "Layers": [
          {
            "Ref": "deploystaticwebsiteAwsCliLayer31B11195",
          },
        ],
        "Role": {
          "Fn::GetAtt": [
            "CustomCDKBucketDeployment8693BB64968944B69AAFB0CC9EB8756CServiceRole89A01265",
            "Arn",
          ],
        },
        "Runtime": "python3.13",
        "Tags": [
          {
            "Key": "Environment",
            "Value": "Development",
          },
          {
            "Key": "Project",
            "Value": "test-website",
          },
          {
            "Key": "StackId",
            "Value": "macalbert-test-website-websitetest-development-stack",
          },
        ],
        "Timeout": 900,
      },
      "Type": "AWS::Lambda::Function",
    },
    "CustomCDKBucketDeployment8693BB64968944B69AAFB0CC9EB8756CServiceRole89A01265": {
      "Properties": {
        "AssumeRolePolicyDocument": {
          "Statement": [
            {
              "Action": "sts:AssumeRole",
              "Effect": "Allow",
              "Principal": {
                "Service": "lambda.amazonaws.com",
              },
            },
          ],
          "Version": "2012-10-17",
        },
        "ManagedPolicyArns": [
          {
            "Fn::Join": [
              "",
              [
                "arn:",
                {
                  "Ref": "AWS::Partition",
                },
                ":iam::aws:policy/service-role/AWSLambdaBasicExecutionRole",
              ],
            ],
          },
        ],
        "Tags": [
          {
            "Key": "Environment",
            "Value": "Development",
          },
          {
            "Key": "Project",
            "Value": "test-website",
          },
          {
            "Key": "StackId",
            "Value": "macalbert-test-website-websitetest-development-stack",
          },
        ],
      },
      "Type": "AWS::IAM::Role",
    },
    "CustomCDKBucketDeployment8693BB64968944B69AAFB0CC9EB8756CServiceRoleDefaultPolicy88902FDF": {
      "Properties": {
        "PolicyDocument": {
          "Statement": [
            {
              "Action": [
                "s3:GetObject*",
                "s3:GetBucket*",
                "s3:List*",
              ],
              "Effect": "Allow",
              "Resource": [
                {
                  "Fn::Join": [
                    "",
                    [
                      "arn:",
                      {
                        "Ref": "AWS::Partition",
                      },
                      ":s3:::cdk-hnb659fds-assets-account-eu-west-1",
                    ],
                  ],
                },
                {
                  "Fn::Join": [
                    "",
                    [
                      "arn:",
                      {
                        "Ref": "AWS::Partition",
                      },
                      ":s3:::cdk-hnb659fds-assets-account-eu-west-1/*",
                    ],
                  ],
                },
              ],
            },
            {
              "Action": [
                "s3:GetObject*",
                "s3:GetBucket*",
                "s3:List*",
                "s3:DeleteObject*",
                "s3:PutObject",
                "s3:PutObjectLegalHold",
                "s3:PutObjectRetention",
                "s3:PutObjectTagging",
                "s3:PutObjectVersionTagging",
                "s3:Abort*",
              ],
              "Effect": "Allow",
              "Resource": [
                {
                  "Fn::GetAtt": [
                    "staticwebsitebucket7EF1E06C",
                    "Arn",
                  ],
                },
                {
                  "Fn::Join": [
                    "",
                    [
                      {
                        "Fn::GetAtt": [
                          "staticwebsitebucket7EF1E06C",
                          "Arn",
                        ],
                      },
                      "/*",
                    ],
                  ],
                },
              ],
            },
            {
              "Action": [
                "cloudfront:GetInvalidation",
                "cloudfront:CreateInvalidation",
              ],
              "Effect": "Allow",
              "Resource": "*",
            },
          ],
          "Version": "2012-10-17",
        },
        "PolicyName": "CustomCDKBucketDeployment8693BB64968944B69AAFB0CC9EB8756CServiceRoleDefaultPolicy88902FDF",
        "Roles": [
          {
            "Ref": "CustomCDKBucketDeployment8693BB64968944B69AAFB0CC9EB8756CServiceRole89A01265",
          },
        ],
      },
      "Type": "AWS::IAM::Policy",
    },
    "CustomS3AutoDeleteObjectsCustomResourceProviderHandler9D90184F": {
      "DependsOn": [
        "CustomS3AutoDeleteObjectsCustomResourceProviderRole3B1BD092",
      ],
      "Properties": {
        "Code": {
          "S3Bucket": "cdk-hnb659fds-assets-account-eu-west-1",
        },
        "Description": {
          "Fn::Join": [
            "",
            [
              "Lambda function for auto-deleting objects in ",
              {
                "Ref": "loggingbucketCEF80102",
              },
              " S3 bucket.",
            ],
          ],
        },
        "Handler": "index.handler",
        "MemorySize": 128,
        "Role": {
          "Fn::GetAtt": [
            "CustomS3AutoDeleteObjectsCustomResourceProviderRole3B1BD092",
            "Arn",
          ],
        },
        "Runtime": "nodejs22.x",
        "Timeout": 900,
      },
      "Type": "AWS::Lambda::Function",
    },
    "CustomS3AutoDeleteObjectsCustomResourceProviderRole3B1BD092": {
      "Properties": {
        "AssumeRolePolicyDocument": {
          "Statement": [
            {
              "Action": "sts:AssumeRole",
              "Effect": "Allow",
              "Principal": {
                "Service": "lambda.amazonaws.com",
              },
            },
          ],
          "Version": "2012-10-17",
        },
        "ManagedPolicyArns": [
          {
            "Fn::Sub": "arn:\${AWS::Partition}:iam::aws:policy/service-role/AWSLambdaBasicExecutionRole",
          },
        ],
      },
      "Type": "AWS::IAM::Role",
    },
    "deploystaticwebsiteAwsCliLayer31B11195": {
      "Properties": {
        "Content": {
          "S3Bucket": "cdk-hnb659fds-assets-account-eu-west-1",
        },
        "Description": "/opt/awscli/aws",
      },
      "Type": "AWS::Lambda::LayerVersion",
    },
    "deploystaticwebsiteCustomResource7923FA82": {
      "DeletionPolicy": "Delete",
      "Properties": {
        "DestinationBucketName": {
          "Ref": "staticwebsitebucket7EF1E06C",
        },
        "DistributionId": {
          "Ref": "distribution114A0A2A",
        },
        "DistributionPaths": [
          "/*",
        ],
        "OutputObjectKeys": true,
        "Prune": true,
        "ServiceToken": {
          "Fn::GetAtt": [
            "CustomCDKBucketDeployment8693BB64968944B69AAFB0CC9EB8756C81C01536",
            "Arn",
          ],
        },
        "SourceBucketNames": [
          "cdk-hnb659fds-assets-account-eu-west-1",
        ],
        "WaitForDistributionInvalidation": true,
      },
      "Type": "Custom::CDKBucketDeployment",
      "UpdateReplacePolicy": "Delete",
    },
    "distribution114A0A2A": {
      "Properties": {
        "DistributionConfig": {
          "Aliases": [
            "test.domain.com",
          ],
          "CustomErrorResponses": [
            {
              "ErrorCachingMinTTL": 10,
              "ErrorCode": 403,
              "ResponseCode": 200,
              "ResponsePagePath": "/index.html",
            },
            {
              "ErrorCachingMinTTL": 10,
              "ErrorCode": 404,
              "ResponseCode": 200,
              "ResponsePagePath": "/index.html",
            },
          ],
          "DefaultCacheBehavior": {
            "CachePolicyId": "658327ea-f89d-4fab-a63d-7e88639e58f6",
            "Compress": true,
            "FunctionAssociations": [
              {
                "EventType": "viewer-request",
                "FunctionARN": {
                  "Fn::GetAtt": [
                    "testdomaincomurlrewrite603CDF99",
                    "FunctionARN",
                  ],
                },
              },
            ],
            "TargetOriginId": "staticWebsiteStackTestmacalberttestwebsitewebsitetestdevelopmentstackdistributionOrigin1D40FE77F",
            "ViewerProtocolPolicy": "redirect-to-https",
          },
          "DefaultRootObject": "index.html",
          "Enabled": true,
          "HttpVersion": "http2",
          "IPV6Enabled": true,
          "Logging": {
            "Bucket": {
              "Fn::GetAtt": [
                "loggingbucketCEF80102",
                "RegionalDomainName",
              ],
            },
            "Prefix": "cloudfront-logs/",
          },
          "Origins": [
            {
              "DomainName": {
                "Fn::GetAtt": [
                  "staticwebsitebucket7EF1E06C",
                  "RegionalDomainName",
                ],
              },
              "Id": "staticWebsiteStackTestmacalberttestwebsitewebsitetestdevelopmentstackdistributionOrigin1D40FE77F",
              "S3OriginConfig": {
                "OriginAccessIdentity": {
                  "Fn::Join": [
                    "",
                    [
                      "origin-access-identity/cloudfront/",
                      {
                        "Ref": "originAccessIdentity402DAA30",
                      },
                    ],
                  ],
                },
              },
            },
          ],
          "ViewerCertificate": {
            "AcmCertificateArn": "arn:aws:acm:us-east-1:account:certificate/some-guid",
            "MinimumProtocolVersion": "TLSv1.2_2021",
            "SslSupportMethod": "sni-only",
          },
        },
        "Tags": [
          {
            "Key": "Environment",
            "Value": "Development",
          },
          {
            "Key": "Project",
            "Value": "test-website",
          },
          {
            "Key": "StackId",
            "Value": "macalbert-test-website-websitetest-development-stack",
          },
        ],
      },
      "Type": "AWS::CloudFront::Distribution",
    },
    "loggingbucketAutoDeleteObjectsCustomResourceB0A91080": {
      "DeletionPolicy": "Delete",
      "DependsOn": [
        "loggingbucketPolicy7C540E5A",
      ],
      "Properties": {
        "BucketName": {
          "Ref": "loggingbucketCEF80102",
        },
        "ServiceToken": {
          "Fn::GetAtt": [
            "CustomS3AutoDeleteObjectsCustomResourceProviderHandler9D90184F",
            "Arn",
          ],
        },
      },
      "Type": "Custom::S3AutoDeleteObjects",
      "UpdateReplacePolicy": "Delete",
    },
    "loggingbucketCEF80102": {
      "DeletionPolicy": "Delete",
      "Properties": {
        "AccessControl": "LogDeliveryWrite",
        "BucketEncryption": {
          "ServerSideEncryptionConfiguration": [
            {
              "ServerSideEncryptionByDefault": {
                "SSEAlgorithm": "AES256",
              },
            },
          ],
        },
        "BucketName": "test.domain.com-logs",
        "LifecycleConfiguration": {
          "Rules": [
            {
              "ExpirationInDays": 90,
              "Id": "DeleteOldLogs",
              "Status": "Enabled",
            },
          ],
        },
        "OwnershipControls": {
          "Rules": [
            {
              "ObjectOwnership": "ObjectWriter",
            },
          ],
        },
        "PublicAccessBlockConfiguration": {
          "BlockPublicAcls": true,
          "BlockPublicPolicy": true,
          "IgnorePublicAcls": true,
          "RestrictPublicBuckets": true,
        },
        "Tags": [
          {
            "Key": "aws-cdk:auto-delete-objects",
            "Value": "true",
          },
          {
            "Key": "Environment",
            "Value": "Development",
          },
          {
            "Key": "Project",
            "Value": "test-website",
          },
          {
            "Key": "StackId",
            "Value": "macalbert-test-website-websitetest-development-stack",
          },
        ],
      },
      "Type": "AWS::S3::Bucket",
      "UpdateReplacePolicy": "Delete",
    },
    "loggingbucketPolicy7C540E5A": {
      "Properties": {
        "Bucket": {
          "Ref": "loggingbucketCEF80102",
        },
        "PolicyDocument": {
          "Statement": [
            {
              "Action": "s3:*",
              "Condition": {
                "Bool": {
                  "aws:SecureTransport": "false",
                },
              },
              "Effect": "Deny",
              "Principal": {
                "AWS": "*",
              },
              "Resource": [
                {
                  "Fn::GetAtt": [
                    "loggingbucketCEF80102",
                    "Arn",
                  ],
                },
                {
                  "Fn::Join": [
                    "",
                    [
                      {
                        "Fn::GetAtt": [
                          "loggingbucketCEF80102",
                          "Arn",
                        ],
                      },
                      "/*",
                    ],
                  ],
                },
              ],
            },
            {
              "Action": [
                "s3:PutBucketPolicy",
                "s3:GetBucket*",
                "s3:List*",
                "s3:DeleteObject*",
              ],
              "Effect": "Allow",
              "Principal": {
                "AWS": {
                  "Fn::GetAtt": [
                    "CustomS3AutoDeleteObjectsCustomResourceProviderRole3B1BD092",
                    "Arn",
                  ],
                },
              },
              "Resource": [
                {
                  "Fn::GetAtt": [
                    "loggingbucketCEF80102",
                    "Arn",
                  ],
                },
                {
                  "Fn::Join": [
                    "",
                    [
                      {
                        "Fn::GetAtt": [
                          "loggingbucketCEF80102",
                          "Arn",
                        ],
                      },
                      "/*",
                    ],
                  ],
                },
              ],
            },
          ],
          "Version": "2012-10-17",
        },
      },
      "Type": "AWS::S3::BucketPolicy",
    },
    "originAccessIdentity402DAA30": {
      "Properties": {
        "CloudFrontOriginAccessIdentityConfig": {
          "Comment": "Setup access from CloudFront to the bucket test.domain.com (read)",
        },
      },
      "Type": "AWS::CloudFront::CloudFrontOriginAccessIdentity",
    },
    "staticwebsitebucket7EF1E06C": {
      "DeletionPolicy": "Delete",
      "Properties": {
        "AccessControl": "Private",
        "BucketEncryption": {
          "ServerSideEncryptionConfiguration": [
            {
              "ServerSideEncryptionByDefault": {
                "SSEAlgorithm": "AES256",
              },
            },
          ],
        },
        "BucketName": "test.domain.com",
        "CorsConfiguration": {
          "CorsRules": [
            {
              "AllowedHeaders": [
                "*",
              ],
              "AllowedMethods": [
                "GET",
                "HEAD",
              ],
              "AllowedOrigins": [
                "*",
              ],
            },
          ],
        },
        "LoggingConfiguration": {
          "DestinationBucketName": {
            "Ref": "loggingbucketCEF80102",
          },
          "LogFilePrefix": "s3-access-logs/",
        },
        "PublicAccessBlockConfiguration": {
          "BlockPublicAcls": true,
          "BlockPublicPolicy": true,
          "IgnorePublicAcls": true,
          "RestrictPublicBuckets": true,
        },
        "Tags": [
          {
            "Key": "aws-cdk:auto-delete-objects",
            "Value": "true",
          },
          {
            "Key": "aws-cdk:cr-owned:eff804db",
            "Value": "true",
          },
          {
            "Key": "Environment",
            "Value": "Development",
          },
          {
            "Key": "Project",
            "Value": "test-website",
          },
          {
            "Key": "StackId",
            "Value": "macalbert-test-website-websitetest-development-stack",
          },
        ],
      },
      "Type": "AWS::S3::Bucket",
      "UpdateReplacePolicy": "Delete",
    },
    "staticwebsitebucketAutoDeleteObjectsCustomResource4931B7FC": {
      "DeletionPolicy": "Delete",
      "DependsOn": [
        "staticwebsitebucketPolicy34945549",
      ],
      "Properties": {
        "BucketName": {
          "Ref": "staticwebsitebucket7EF1E06C",
        },
        "ServiceToken": {
          "Fn::GetAtt": [
            "CustomS3AutoDeleteObjectsCustomResourceProviderHandler9D90184F",
            "Arn",
          ],
        },
      },
      "Type": "Custom::S3AutoDeleteObjects",
      "UpdateReplacePolicy": "Delete",
    },
    "staticwebsitebucketPolicy34945549": {
      "Properties": {
        "Bucket": {
          "Ref": "staticwebsitebucket7EF1E06C",
        },
        "PolicyDocument": {
          "Statement": [
            {
              "Action": "s3:*",
              "Condition": {
                "Bool": {
                  "aws:SecureTransport": "false",
                },
              },
              "Effect": "Deny",
              "Principal": {
                "AWS": "*",
              },
              "Resource": [
                {
                  "Fn::GetAtt": [
                    "staticwebsitebucket7EF1E06C",
                    "Arn",
                  ],
                },
                {
                  "Fn::Join": [
                    "",
                    [
                      {
                        "Fn::GetAtt": [
                          "staticwebsitebucket7EF1E06C",
                          "Arn",
                        ],
                      },
                      "/*",
                    ],
                  ],
                },
              ],
            },
            {
              "Action": [
                "s3:PutBucketPolicy",
                "s3:GetBucket*",
                "s3:List*",
                "s3:DeleteObject*",
              ],
              "Effect": "Allow",
              "Principal": {
                "AWS": {
                  "Fn::GetAtt": [
                    "CustomS3AutoDeleteObjectsCustomResourceProviderRole3B1BD092",
                    "Arn",
                  ],
                },
              },
              "Resource": [
                {
                  "Fn::GetAtt": [
                    "staticwebsitebucket7EF1E06C",
                    "Arn",
                  ],
                },
                {
                  "Fn::Join": [
                    "",
                    [
                      {
                        "Fn::GetAtt": [
                          "staticwebsitebucket7EF1E06C",
                          "Arn",
                        ],
                      },
                      "/*",
                    ],
                  ],
                },
              ],
            },
            {
              "Action": [
                "s3:GetObject*",
                "s3:GetBucket*",
                "s3:List*",
              ],
              "Effect": "Allow",
              "Principal": {
                "CanonicalUser": {
                  "Fn::GetAtt": [
                    "originAccessIdentity402DAA30",
                    "S3CanonicalUserId",
                  ],
                },
              },
              "Resource": [
                {
                  "Fn::GetAtt": [
                    "staticwebsitebucket7EF1E06C",
                    "Arn",
                  ],
                },
                {
                  "Fn::Join": [
                    "",
                    [
                      {
                        "Fn::GetAtt": [
                          "staticwebsitebucket7EF1E06C",
                          "Arn",
                        ],
                      },
                      "/*",
                    ],
                  ],
                },
              ],
            },
            {
              "Action": "s3:GetObject",
              "Effect": "Allow",
              "Principal": {
                "CanonicalUser": {
                  "Fn::GetAtt": [
                    "originAccessIdentity402DAA30",
                    "S3CanonicalUserId",
                  ],
                },
              },
              "Resource": {
                "Fn::Join": [
                  "",
                  [
                    {
                      "Fn::GetAtt": [
                        "staticwebsitebucket7EF1E06C",
                        "Arn",
                      ],
                    },
                    "/*",
                  ],
                ],
              },
            },
          ],
          "Version": "2012-10-17",
        },
      },
      "Type": "AWS::S3::BucketPolicy",
    },
    "testdomaincomurlrewrite603CDF99": {
      "Properties": {
        "AutoPublish": true,
        "FunctionCode": "// CloudFront Function for URL rewriting
// Compatible with CloudFront Functions runtime (ES5.1)
// Query strings are automatically preserved by CloudFront

function handler(event) {
  var req = event.request;
  var uri = req.uri;

  // ES5.1 Helpers (without startsWith/endsWith or arrow functions)
  function endsWith(str, suffix) {
    if (str == null || suffix == null) return false;
    var sl = str.length, su = suffix.length;
    return sl >= su && str.substring(sl - su) === suffix;
  }
  function hasPrefix(str, prefix) {
    if (str == null || prefix == null) return false;
    return str.indexOf(prefix) === 0;
  }

  var staticExt = [
    '.html', '.js', '.css', '.png', '.jpg', '.jpeg', '.gif', '.svg',
    '.ico', '.woff', '.woff2', '.ttf', '.otf', '.eot', '.json', '.xml',
    '.txt', '.map'
  ];

  function hasKnownExt(uLower) {
    for (var i = 0; i < staticExt.length; i++) {
      if (endsWith(uLower, staticExt[i])) return true;
    }
    return false;
  }

  // Exclude API routes
  var lower = uri.toLowerCase();
  if (hasPrefix(lower, '/api/')) {
    return req; // no changes
  }

  // Remove trailing slash (except homepage)
  if (uri !== '/' && endsWith(uri, '/')) {
    uri = uri.substring(0, uri.length - 1);
    lower = uri.toLowerCase(); // recompute after modifying uri
  }

  // Append .html if not homepage and no known extension
  if (uri !== '/' && !hasKnownExt(lower)) {
    // For /folder/index.html instead of /folder.html, use:
    // uri += '/index.html';
    uri += '.html';
  }

  req.uri = uri;
  return req;
}
",
        "FunctionConfig": {
          "Comment": "eu-west-1test-web-apptestncom-url-rewrite979D13F7",
          "Runtime": "cloudfront-js-1.0",
        },
        "Name": "eu-west-1test-web-apptestncom-url-rewrite979D13F7",
      },
      "Type": "AWS::CloudFront::Function",
    },
    "webDomainRecord0E1EA4C11": {
      "Properties": {
        "AliasTarget": {
          "DNSName": {
            "Fn::GetAtt": [
              "distribution114A0A2A",
              "DomainName",
            ],
          },
          "HostedZoneId": {
            "Fn::FindInMap": [
              "AWSCloudFrontPartitionHostedZoneIdMap",
              {
                "Ref": "AWS::Partition",
              },
              "zoneId",
            ],
          },
        },
        "HostedZoneId": "123456789",
        "Name": "test.domain.com.",
        "Type": "A",
      },
      "Type": "AWS::Route53::RecordSet",
    },
  },
  "Rules": {
    "CheckBootstrapVersion": {
      "Assertions": [
        {
          "Assert": {
            "Fn::Not": [
              {
                "Fn::Contains": [
                  [
                    "1",
                    "2",
                    "3",
                    "4",
                    "5",
                  ],
                  {
                    "Ref": "BootstrapVersion",
                  },
                ],
              },
            ],
          },
          "AssertDescription": "CDK bootstrap stack version 6 required. Please run 'cdk bootstrap' with a recent version of the CDK CLI.",
        },
      ],
    },
  },
}
`;
